// Vitest Snapshot v1, https://vitest.dev/guide/snapshot.html

exports[`Slide > should mount successfully 1`] = `
<div class="carousel-3d-container" style="height: 272px;">
  <div class="carousel-3d-slider" style="width: 362px; height: 272px;">
    <div class="carousel-3d-slide" style="border-width: 1px; width: 362px; height: 272px; transition:  transform 500ms,                opacity 500ms,                visibility 500ms;"></div>
  </div>
</div>
`;

exports[`Slide > should render a scoped slot 1`] = `
<div class="carousel-3d-container" style="height: 272px;">
  <div class="carousel-3d-slider" style="width: 362px; height: 272px;">
    <div class="carousel-3d-slide current" style="border-width: 1px; width: 362px; height: 272px; transition:  transform 500ms,                opacity 500ms,                visibility 500ms;">
      <div data-index="0" data-is-current="true" data-left-index="-1" data-right-index="-1"></div>
    </div>
    <div class="carousel-3d-slide right-1" style="border-width: 1px; width: 362px; height: 272px; transition:  transform 500ms,                opacity 500ms,                visibility 500ms; transform: translateX(240px) translateZ(-400px) rotateY(-35deg); top: 0px; z-index: 998; opacity: 1; visibility: visible;">
      <div data-index="1" data-left-index="-1" data-right-index="0"></div>
    </div>
    <div class="carousel-3d-slide right-2" style="border-width: 1px; width: 362px; height: 272px; transition:  transform 500ms,                opacity 500ms,                visibility 500ms; transform: translateX(480px) translateZ(-500px) rotateY(-35deg); top: 0px; z-index: 997; opacity: 1; visibility: visible;">
      <div data-index="2" data-left-index="-1" data-right-index="1"></div>
    </div>
    <div class="carousel-3d-slide left-2" style="border-width: 1px; width: 362px; height: 272px; transition:  transform 500ms,                opacity 500ms,                visibility 500ms; transform: translateX(-480px) translateZ(-500px) rotateY(35deg); top: 0px; z-index: 997; opacity: 1; visibility: visible;">
      <div data-index="3" data-left-index="1" data-right-index="-1"></div>
    </div>
    <div class="carousel-3d-slide left-1" style="border-width: 1px; width: 362px; height: 272px; transition:  transform 500ms,                opacity 500ms,                visibility 500ms; transform: translateX(-240px) translateZ(-400px) rotateY(35deg); top: 0px; z-index: 998; opacity: 1; visibility: visible;">
      <div data-index="4" data-left-index="0" data-right-index="-1"></div>
    </div>
  </div>
</div>
`;

exports[`Slide > should return style object when 3 slides are added to the slots 1`] = `
<div class="carousel-3d-container" style="height: 272px;">
  <div class="carousel-3d-slider" style="width: 362px; height: 272px;">
    <div class="carousel-3d-slide" style="border-width: 1px; width: 362px; height: 272px; transition:  transform 500ms,                opacity 500ms,                visibility 500ms;"></div>
    <div class="carousel-3d-slide" style="border-width: 1px; width: 362px; height: 272px; transition:  transform 500ms,                opacity 500ms,                visibility 500ms;"></div>
    <div class="carousel-3d-slide" style="border-width: 1px; width: 362px; height: 272px; transition:  transform 500ms,                opacity 500ms,                visibility 500ms;"></div>
  </div>
</div>
`;
